// Jest Snapshot v1, https://goo.gl/fbAQLP

exports[`renders APP component without crashing 1`] = `ShallowWrapper {}`;
